[debug] [2026-06-04T11:10:26.901Z] ----------------------------------------------------------------------
[debug] [2026-06-04T11:10:26.903Z] Command:       /usr/local/nvm/versions/node/v24.16.0/bin/node /usr/local/node_packages/node_modules/.bin/firebase init functions --project usta-mugla
[debug] [2026-06-04T11:10:26.904Z] CLI Version:   15.19.0
[debug] [2026-06-04T11:10:26.904Z] Platform:      linux
[debug] [2026-06-04T11:10:26.904Z] Node Version:  v24.16.0
[debug] [2026-06-04T11:10:26.905Z] Time:          Thu Jun 04 2026 11:10:26 GMT+0000 (Coordinated Universal Time)
[debug] [2026-06-04T11:10:26.905Z] ----------------------------------------------------------------------
[debug] 
[info] 
     ######## #### ########  ######## ########     ###     ######  ########
     ##        ##  ##     ## ##       ##     ##  ##   ##  ##       ##
     ######    ##  ########  ######   ########  #########  ######  ######
     ##        ##  ##    ##  ##       ##     ## ##     ##       ## ##
     ##       #### ##     ## ######## ########  ##     ##  ######  ########

You're about to initialize a Firebase project in this directory:

  /home/kurtulusfaruk94

Before we get started, keep in mind:

  * You are initializing within an existing Firebase project directory

[info] 
=== Project Setup
[info] 
[info] First, let's associate this project directory with a Firebase project.
[info] You can create multiple project aliases by running firebase use --add, 
[info] 
[debug] [2026-06-04T11:10:28.289Z] > command requires scopes: ["email","openid","https://www.googleapis.com/auth/cloudplatformprojects.readonly","https://www.googleapis.com/auth/firebase","https://www.googleapis.com/auth/cloud-platform"]
[debug] [2026-06-04T11:10:28.289Z] > authorizing via signed-in user (kurtulusfaruk94@gmail.com)
[debug] [2026-06-04T11:10:28.291Z] Checked if tokens are valid: true, expires at: 1780573816533
[debug] [2026-06-04T11:10:28.291Z] Checked if tokens are valid: true, expires at: 1780573816533
[debug] [2026-06-04T11:10:28.293Z] >>> [apiv2][query] GET https://firebase.googleapis.com/v1beta1/projects/usta-mugla [none]
[debug] [2026-06-04T11:10:28.571Z] <<< [apiv2][status] GET https://firebase.googleapis.com/v1beta1/projects/usta-mugla 200
[debug] [2026-06-04T11:10:28.571Z] <<< [apiv2][body] GET https://firebase.googleapis.com/v1beta1/projects/usta-mugla {"projectId":"usta-mugla","projectNumber":"834374058795","displayName":"usta mugla","name":"projects/usta-mugla","resources":{"hostingSite":"usta-mugla","realtimeDatabaseInstance":"usta-mugla-default-rtdb"},"state":"ACTIVE","etag":"1_92d40bae-a4fa-4f1c-a4d7-001bc0d42c4a"}
[info] i  Using project usta-mugla (usta mugla) . 
[info] 
=== Functions Setup
[debug] [2026-06-04T11:10:28.582Z] > command requires scopes: ["email","openid","https://www.googleapis.com/auth/cloudplatformprojects.readonly","https://www.googleapis.com/auth/firebase","https://www.googleapis.com/auth/cloud-platform"]
[debug] [2026-06-04T11:10:28.582Z] > authorizing via signed-in user (kurtulusfaruk94@gmail.com)
[debug] [2026-06-04T11:10:28.583Z] [iam] checking project usta-mugla for permissions ["firebase.projects.get"]
[debug] [2026-06-04T11:10:28.583Z] Checked if tokens are valid: true, expires at: 1780573816533
[debug] [2026-06-04T11:10:28.583Z] Checked if tokens are valid: true, expires at: 1780573816533
[debug] [2026-06-04T11:10:28.583Z] >>> [apiv2][query] POST https://cloudresourcemanager.googleapis.com/v1/projects/usta-mugla:testIamPermissions [none]
[debug] [2026-06-04T11:10:28.584Z] >>> [apiv2][(partial)header] POST https://cloudresourcemanager.googleapis.com/v1/projects/usta-mugla:testIamPermissions  x-goog-user-project=usta-mugla
[debug] [2026-06-04T11:10:28.584Z] >>> [apiv2][body] POST https://cloudresourcemanager.googleapis.com/v1/projects/usta-mugla:testIamPermissions {"permissions":["firebase.projects.get"]}
[debug] [2026-06-04T11:10:28.727Z] <<< [apiv2][status] POST https://cloudresourcemanager.googleapis.com/v1/projects/usta-mugla:testIamPermissions 200
[debug] [2026-06-04T11:10:28.727Z] <<< [apiv2][body] POST https://cloudresourcemanager.googleapis.com/v1/projects/usta-mugla:testIamPermissions {"permissions":["firebase.projects.get"]}
[info] 
Detected existing codebase(s): default

[info] Let's create a new codebase for your functions.
[info] A directory corresponding to the codebase will be created in your project
[info] with sample code pre-configured.

[info] See https://firebase.google.com/docs/functions/organize-functions for
[info] more information on organizing your functions using codebases.

[info] Functions can be deployed with firebase deploy.

[error] Invalid codebase name. Codebase must be less than 64 characters and can contain only lowercase letters, numeric characters, underscores, and dashes.
[info] i  functions/package.json is unchanged 
[info] i  Skipping write of functions/index.js 
[info] i  functions/.gitignore is unchanged 
[debug] [2026-06-04T11:12:25.830Z] ExitPromptError: User force closed the prompt with SIGINT
    at Interface.sigint (/usr/local/node_packages/node_modules/@inquirer/confirm/node_modules/@inquirer/core/dist/commonjs/lib/create-prompt.js:101:37)
    at Interface.emit (node:events:509:28)
    at [_ttyWrite] [as _ttyWrite] (node:internal/readline/interface:1327:18)
    at ReadStream.onkeypress (node:internal/readline/interface:284:20)
    at ReadStream.emit (node:events:521:24)
    at emitKeys (node:internal/readline/utils:371:14)
    at emitKeys.next (<anonymous>)
    at ReadStream.onData (node:internal/readline/emitKeypressEvents:64:36)
    at ReadStream.emit (node:events:509:28)
    at addChunk (node:internal/streams/readable:563:12)
[error] 
[error] Error: An unexpected error has occurred.
